https://konachan.com/image/90f0865cb828e9511adf81175023e123/Konachan.com%20-%20310046%20animal_ears%20blue_eyes%20final_fantasy%20garter_belt%20kiss%20long_hair%20miqo%27te%20nipples%20nopan%20pengnangehao%20pink_hair%20red_hair%20scar%20tail%20tattoo%20thighhighs%20yuri.jpg
https://konachan.com/image/bea5bfcef4fdc386b782799ae6ece683/Konachan.com%20-%20310014%20breasts%20condom%20kagi_f%20multiple_tails%20nipples%20original%20tail.png
https://konachan.com/image/3a9477bf862916b71e996d3cacaa9f7e/Konachan.com%20-%20310007%20condom%20kagi_f%20long_hair%20nipples%20nude%20original.png
https://konachan.com/image/3760bff6ee4f03b51509540c6f0e7573/Konachan.com%20-%20309688%20bed%20bra%20dark_skin%20erect_nipples%20mochiko_%28mochiko3121%29%20original%20panties%20pink_eyes%20pink_hair%20underwear.png
https://konachan.com/image/dc3339b24e93c8f93478868752abb1ae/Konachan.com%20-%20308810%20braco%20breasts%20dark_skin%20flat_chest%20green_eyes%20green_hair%20horns%20long_hair%20navel%20nipples%20nude%20original.png
https://konachan.com/image/e8b1bccad53c161396294a5d46578a2c/Konachan.com%20-%20308405%202girls%20apron%20blue_eyes%20blush%20breasts%20brown_hair%20flowers%20garter_belt%20gloves%20headdress%20ichi_makoto%20navel%20nipples%20original%20short_hair%20stockings.png
https://konachan.com/image/3930437aa3a00874247acdbd4fe37cb5/Konachan.com%20-%20308218%20barefoot%20bikini%20black_hair%20blue_eyes%20blush%20bondage%20breasts%20jilu%20long_hair%20navel%20nipples%20original%20panty_pull%20swimsuit%20white.png
https://konachan.com/image/222641dbfa6944f0edbdaf3577187bc6/Konachan.com%20-%20308015%20anthropomorphism%20azur_lane%20blonde_hair%20blush%20book%20breasts%20dress%20gloves%20long_hair%20nipples%20nopan%20oshishio%20pink_eyes%20skirt_lift%20thighhighs%20uncensored.png
https://konachan.com/image/244d48817b53ddafd9be9e332cf45acd/Konachan.com%20-%20307922%20blush%20breasts%20navel%20nipples%20original%20panties%20underwear%20white_hair%20xiaodi%20yellow_eyes.png
https://konachan.com/image/d1a6fbc2770c11cfd9c8e5b84213e285/Konachan.com%20-%20306312%20blue_eyes%20blush%20breasts%20game_cg%20hinata_nao%20imouto_paradise_3%20long_hair%20moonstone_cherry%20nanase_sakura%20navel%20nipples%20nude%20pink_hair%20shower%20wet.png
https://konachan.com/image/a6ed3b931785ee72632108b874ba9b76/Konachan.com%20-%20305249%202girls%20blush%20breasts%20dark_skin%20nipples%20nude%20pokemon%20rurina_%28pokemon%29%20sha_%28amfil100%29%20sonia_%28pokemon%29%20yuri.png
https://konachan.com/image/12dda30259d3a19a389f001c2f392597/Konachan.com%20-%20304802%20ass%20blue_eyes%20bow%20breasts%20headband%20long_hair%20naked_shirt%20nipples%20no_bra%20open_shirt%20original%20pink_eyes%20pink_hair%20purple_eyes%20shirt%20suterii%20yellow_eyes.png
https://konachan.com/image/0f3878999b94a354c9935d192f0067a1/Konachan.com%20-%20303837%20barefoot%20bed%20blonde_hair%20blush%20bra%20clouds%20mochiko_%28mochiko3121%29%20open_shirt%20orange_eyes%20original%20panties%20see_through%20short_hair%20sky%20underwear.png
https://konachan.com/image/df91717a3cdf1e07fe504d48dc9bab2a/Konachan.com%20-%20300972%202girls%20breasts%20byleth_%28female%29%20de_mo_ne%20edelgard_von_hresvelg%20fire_emblem%20long_hair%20nipples%20nude%20yuri.jpg
https://konachan.com/image/f47360b4352efcd801f5f4b0f8b939ac/Konachan.com%20-%20300813%20846-gou%20ass%20bikini%20fate_grand_order%20fate_%28series%29%20minamoto_no_yorimitsu_%28fate%29%20spread_legs%20swimsuit.jpg
https://konachan.com/image/3606711588e3c72f806f9d65bcd3d940/Konachan.com%20-%20300362%20bikini%20black_eyes%20blonde_hair%20blue_eyes%20blue_hair%20breasts%20brown_hair%20group%20long_hair%20navel%20original%20pubic_hair%20short_hair%20swimsuit%20undressing.jpg
https://konachan.com/image/13fbe76ed7284653dd113c55609f94f1/Konachan.com%20-%20300355%20black_hair%20blush%20breasts%20fate_grand_order%20fate_%28series%29%20hero_neisan%20ishtar_%28fate_grand_order%29%20long_hair%20nipples%20pubic_hair%20red_eyes.png
https://konachan.com/image/f6369e41f4cf85ae9f09b362324e2d9e/Konachan.com%20-%20300308%20barefoot%20bikini%20blue_eyes%20blush%20bondage%20brown_hair%20china_moeka%20collar%20long_hair%20minutachi%20navel%20nude%20ponytail%20red_eyes%20swimsuit%20tears%20yuri.jpg
https://konachan.com/image/e7f73f414231def4b7a7b1ebc3f35a99/Konachan.com%20-%20299622%20blush%20breasts%20fire_emblem%20long_hair%20lute_%28fire_emblem%29%20matamataro%20navel%20nipples%20nude%20purple_hair%20twintails.png
https://konachan.com/image/a24149d13c629754729424c1782631de/Konachan.com%20-%20299405%20blush%20bra%20cameltoe%20cheerleader%20headphones%20nitroplus%20panties%20pink_hair%20sonico%20spread_legs%20striped_panties%20super_sonico%20underwear%20v-mag.png
https://konachan.com/image/e44b133b0ac1cd752750bf8e323faa1f/Konachan.com%20-%20299404%20ass%20breasts%20cleavage%20headphones%20panties%20pink_hair%20red_eyes%20sonico%20super_sonico%20underwear%20v-mag.png
https://konachan.com/image/46fca95ae4d964533c3bbe4d360bb35d/Konachan.com%20-%20297711%20bed%20elbow_gloves%20gloves%20headdress%20nopan%20red_hair%20reiuji_utsuho%20torii_%28kedamatori%29%20touhou%20wings%20wink%20yellow_eyes.png
https://konachan.com/image/a0099063895d1d54111d95e6eaf8a537/Konachan.com%20-%20297562%20ass%20bloomers%20breasts%20ke-ta%20komeiji_satori%20nipples%20nude%20purple_eyes%20purple_hair%20short_hair%20touhou.png
https://konachan.com/image/be4030ad52e5c6f897cbe9e922aa1b12/Konachan.com%20-%20297531%20animal_ears%20blonde_hair%20blue_eyes%20blush%20cameltoe%20foxgirl%20long_hair%20navel%20ofuda%20pija_%28pianiishimo%29%20thighhighs%20third-party_edit%20twintails.png
https://konachan.com/image/38a3bec3d8f7be80b69a80fc38399ad7/Konachan.com%20-%20297529%20animal_ears%20bell%20blonde_hair%20blue_eyes%20bow%20cameltoe%20foxgirl%20long_hair%20navel%20nopan%20ofuda%20skirt%20skirt_lift%20thighhighs%20third-party_edit.png
https://konachan.com/image/2fecc125447da656db8fb9552a35eb57/Konachan.com%20-%20297364%202girls%20animal_ears%20anthropomorphism%20azur_lane%20bed%20belfast_%28azur_lane%29%20blue_eyes%20blush%20braids%20breasts%20gray_hair%20long_hair%20navel%20nude%20piukute062%20yuri.jpg
https://konachan.com/image/ba8489f35a0decf0f0a9f5b8691246e4/Konachan.com%20-%20297024%20ass%20bed%20blush%20book%20breasts%20cisyo%20kneehighs%20logo%20long_hair%20moonshiner%20nipples%20no_bra%20original%20panty_pull%20phone%20pink_hair%20red_eyes.png
https://konachan.com/image/1da8d5bb2118a56321bc7b5517001b34/Konachan.com%20-%20296466%20anthropomorphism%20blue_eyes%20breasts%20cameltoe%20gray_hair%20kneehighs%20long_hair%20navel%20nipples%20nironiro%20panties%20topless%20twintails%20underwear%20wet.png
https://konachan.com/image/158557fc7a7c55b335de4d48ea759f65/Konachan.com%20-%20296165%20animal_ears%20bicolored_eyes%20braids%20breasts%20catgirl%20cs_perrault%20fang%20last_origin%20long_hair%20mapyarong%20no_bra%20nopan%20spread_legs%20underboob%20white_hair.png
https://konachan.com/image/29460ae4be7c7fb5f457eb187423a7e8/Konachan.com%20-%20295545%20aliasing%20barefoot%20breasts%20couch%20headband%20long_hair%20niliu_chahui%20nipples%20nude%20original%20parody%20red_eyes%20tokisaki_mio%20twintails%20white_hair.jpg
https://konachan.com/image/6f1d5ec5cb8bd4803768068eab4af0fc/Konachan.com%20-%20294182%20animal_ears%20azur_lane%20blush%20bunny_ears%20gray_hair%20loli%20long_hair%20navel%20nipples%20nude%20red_eyes%20spread_legs%20tagme_%28artist%29%20thighhighs%20twintails.jpg
https://konachan.com/image/d1cc32487fff0c7004a689314113aff0/Konachan.com%20-%20293591%20barefoot%20blue_eyes%20blush%20breasts%20game_cg%20group%20long_hair%20navel%20night%20nipples%20nude%20onsen%20red_hair%20sprite%20stars%20suzumori%20towel%20twintails%20water.png
https://konachan.com/image/eed4ee297a7cdb2c2cae9c59ad75a1b8/Konachan.com%20-%20293590%20barefoot%20blue_eyes%20blush%20breasts%20game_cg%20group%20long_hair%20navel%20night%20nipples%20nude%20onsen%20red_hair%20sprite%20stars%20suzumori%20towel%20twintails%20water.png
https://konachan.com/image/bf1d170029f43a1343f6b4deb650402d/Konachan.com%20-%20292796%202girls%20barefoot%20bed%20blue_eyes%20blue_hair%20blush%20breasts%20clouds%20hayami_kanade%20idolmaster%20kiss%20moon%20night%20nude%20sagisawa_fumika%20see_through%20sky%20wet%20yuri.jpg
https://konachan.com/image/7a86ec8bbf8b8fa8e5b41b6c360f505b/Konachan.com%20-%20292533%20bed%20breasts%20brown_hair%20long_hair%20naked_shirt%20navel%20nipples%20nironiro%20open_shirt%20original%20pubic_hair%20purple_eyes%20thighhighs.png
https://konachan.com/image/b5e4649ac1b96c5cb1a37bf62acadb27/Konachan.com%20-%20292284%20bababababan%20black_hair%20blonde_hair%20blue_eyes%20breasts%20brown_eyes%20cropped%20dark_skin%20long_hair%20navel%20nipples%20nude%20original%20short_hair.png
https://konachan.com/image/792c4df5aaa9eb0b6c805d0de70ff85b/Konachan.com%20-%20291645%20ass%20bababababan%20black_hair%20blonde_hair%20blue_eyes%20blush%20breasts%20green_eyes%20long_hair%20navel%20nipples%20nude%20original%20ponytail%20red_eyes%20red_hair.jpg
https://konachan.com/image/e55b1bcb6866c00038f9af778ab53d6b/Konachan.com%20-%20289353%20blonde_hair%20blue_eyes%20blush%20breasts%20chie_%28ishikei%29%20ishikei%20long_hair%20nipples%20no_bra%20original%20panties%20scan%20skirt%20skirt_lift%20underwear.png
https://konachan.com/image/f59b5372cc9f90d76aff5cc326becdb8/Konachan.com%20-%20288793%202girls%20bed%20blue_eyes%20blush%20bra%20breasts%20brown_hair%20catgirl%20cleavage%20flat_chest%20headband%20navel%20nedia_r%20original%20panties%20tail%20underwear%20wink%20yuri.png
https://konachan.com/image/4eb0d283739a27d58ab9c3c12e5914c8/Konachan.com%20-%20288685%20ahnei%20bed%20black_hair%20breasts%20brown_eyes%20glasses%20logo%20mei_%28overwatch%29%20navel%20nipples%20nude%20overwatch%20pubic_hair%20realistic%20short_hair%20watermark.jpg
https://konachan.com/image/d11777d5d0e9f2b42073b35ff90c3ac0/Konachan.com%20-%20287872%20bed%20black_hair%20breasts%20brown_eyes%20hakai_shin%20long_hair%20navel%20nipples%20no_bra%20open_shirt%20original%20panties%20pubic_hair%20shirt%20underwear.png
https://konachan.com/image/47ada8a6812177f59f7ba226ec6a3e2e/Konachan.com%20-%20287560%20aqua_eyes%20ass%20blush%20bodysuit%20breasts%20bubbles%20cameltoe%20close%20gloves%20long_hair%20original%20pink_hair%20skintight%20spread_legs%20underwater%20v-mag%20water.jpg
https://konachan.com/image/85a5eca591c54b2872fc7fe49c736fce/Konachan.com%20-%20287506%20asakura_kukuri%20blush%20breasts%20condom%20fate_%28series%29%20kimono%20mash_kyrielight%20nipples%20no_bra%20nopan%20pink_hair%20pubic_hair%20purple_eyes%20short_hair.png
https://konachan.com/image/6bdd24a448aa50c41a66437e38465bed/Konachan.com%20-%20287470%20aqua_eyes%20bandage%20blonde_hair%20blush%20breasts%20butterfly%20cait%20cropped%20halloween%20kashiwazaki_sena%20long_hair%20nipples%20nude%20pumpkin.png
https://konachan.com/image/c7adda210007a836ac6e7a20cf5c3421/Konachan.com%20-%20287380%20aqua_eyes%20ass%20blush%20cameltoe%20dress%20elbow_gloves%20gloves%20long_hair%20original%20panties%20pink_hair%20skirt_lift%20striped_panties%20thighhighs%20underwear%20v-mag.png
https://konachan.com/image/eb873aa65911587bef5533f44f78d6f7/Konachan.com%20-%20287182%20animal_ears%20bed%20brown_hair%20fang%20horo%20kawakami_rokkaku%20long_hair%20navel%20nipples%20nude%20ookami_to_koushinryou%20red_eyes%20tail%20wolfgirl.png
https://konachan.com/image/dc6ededf43be753216e3a981e398ef50/Konachan.com%20-%20283803%20barefoot%20bra%20breasts%20cropped%20demon%20gloves%20lactation%20loli%20nipples%20no_bra%20nopan%20original%20panties%20panty_pull%20pink_hair%20succubus%20tail%20twintails%20underwear.png
https://konachan.com/image/a130fc5ed8a51ee72c18723404565a72/Konachan.com%20-%20283537%20bed%20bloomers%20flat_chest%20headband%20ke-ta%20komeiji_satori%20navel%20nipples%20no_bra%20open_shirt%20pink_eyes%20pink_hair%20scan%20short_hair%20touhou%20undressing.png
https://konachan.com/image/d6054abcbff87a82e226f504bda435e2/Konachan.com%20-%20283119%20bed%20black_hair%20blush%20breasts%20enoshima_iki%20nipples%20nude%20original%20pubic_hair%20short_hair%20wink%20yellow_eyes.jpg
https://konachan.com/image/dd8f935f9647ba125605e87641c46ff3/Konachan.com%20-%20282936%20animal_ears%20anthropomorphism%20atago_%28azur_lane%29%20azur_lane%20black_hair%20breasts%20long_hair%20mahou_shounen%20navel%20nude%20yellow_eyes.png
https://konachan.com/image/062f0505d4abf92341b877abe32ae73d/Konachan.com%20-%20282864%20breast_hold%20breasts%20cameltoe%20choker%20erect_nipples%20garter%20ishida_hiroyuki%20maid%20navel%20original%20twintails.jpg
https://konachan.com/image/d0ec7789aab7e0ab21348ba46084cc2f/Konachan.com%20-%20282490%202girls%20asa_no_ha%20barefoot%20blush%20bubbles%20fang%20foxgirl%20gray_eyes%20gray_hair%20loli%20long_hair%20navel%20nipples%20nude%20onsen%20original%20tail%20tree%20twins%20water.jpg
https://konachan.com/image/48907056a26d799f47377c8fb743db08/Konachan.com%20-%20281979%202girls%20bed%20blonde_hair%20blush%20choker%20dress%20green_eyes%20hinata_mutsuki%20loli%20long_hair%20nipples%20no_bra%20nopan%20original%20undressing%20wristwear.png
https://konachan.com/image/d5d2d8e4ef06f0cfb57eb5ac9a194c2e/Konachan.com%20-%20281900%20bow%20breasts%20brown_hair%20jpeg_artifacts%20naked_shirt%20navel%20nipples%20nironiro%20no_bra%20open_shirt%20original%20red_eyes%20shirt%20short_hair%20thighhighs.jpg
https://konachan.com/image/c5de305244939afe4e5b0e79e3887ac0/Konachan.com%20-%20281796%20bandaid%20barefoot%20bell%20blush%20breasts%20butterfly%20cameltoe%20candy%20catgirl%20lollipop%20long_hair%20maett%20navel%20nipples%20nude%20original%20signed%20tail%20tattoo%20twintails.png
https://konachan.com/image/61b3ee7bdae0e63e45ca3e859fa18da4/Konachan.com%20-%20281133%20be_%28bbbbbbbbbe434%29%20bed%20blush%20bow%20breasts%20brown_hair%20dildo%20long_hair%20navel%20nipples%20no_bra%20nopan%20open_shirt%20original%20pubic_hair%20school_uniform%20vibrator.png
https://konachan.com/image/68e2aa184ab9cd08faad1859ff39c74a/Konachan.com%20-%20280862%20blush%20idolmaster%20lovesexieie%20navel%20no_bra%20nopan%20panties%20pink_eyes%20pink_hair%20shirt_lift%20short_hair%20thighhighs%20underboob%20underwear%20white%20yumemi_riamu.png
https://konachan.com/image/a6a98bda5931d0217191a0e562b95ff5/Konachan.com%20-%20280847%20aqua_eyes%20ass%20barefoot%20bed%20blush%20cameltoe%20condom%20dress%20girls_frontline%20gmkj%20headdress%20long_hair%20panties%20skirt_lift%20tiara%20underwear%20watermark.png
https://konachan.com/image/568a78a956f720c851f7b2b3091d576b/Konachan.com%20-%20280504%20bandage%20bed%20blush%20breasts%20cameltoe%20erect_nipples%20green_eyes%20green_hair%20kochiya_sanae%20long_hair%20navel%20nipples%20panties%20touhou%20underwear%20watermark.jpg
https://konachan.com/image/f6c61569484b35d8dbbe4f6057e241aa/Konachan.com%20-%20279791%202girls%20black_hair%20blonde_hair%20blush%20breasts%20game_cg%20green_eyes%20hug%20kawamura_reo%20long_hair%20navel%20nipples%20nude%20peko%20purple_eyes%20short_hair%20yuri.png
https://konachan.com/image/34e76f751aae2f2ea0c6441915664331/Konachan.com%20-%20279681%20black_hair%20blue_eyes%20blush%20bow%20ginhaha%20panties%20school_uniform%20skirt%20spread_legs%20ssss.gridman%20takarada_rikka%20underwear.png
https://konachan.com/image/f927eab21679a49ac92e3537bff81e8a/Konachan.com%20-%20279418%20an-telin%20ass%20blonde_hair%20blue_hair%20bow%20breasts%20hat%20kiss%20long_hair%20nipples%20nude%20ofuda%20sunglasses%20touhou%20wristwear%20yorigami_joon%20yorigami_shion%20yuri.jpg
https://konachan.com/image/9d1ad5749a5cb116b7b6dc71d7976005/Konachan.com%20-%20279391%20ass%20beach%20bikini%20black_hair%20breasts%20long_hair%20nipples%20nironiro%20purple_eyes%20sonora%20swimsuit%20wataya_azusa%20water.jpg
https://konachan.com/image/e750c9dcad7aa9fe1ab507e2cec52a5c/Konachan.com%20-%20279285%20bikini%20black_hair%20blue_eyes%20blush%20bondage%20breasts%20chain%20jack_dempa%20long_hair%20navel%20original%20pubic_hair%20spread_legs%20swimsuit%20underwear.png
https://konachan.com/image/a56991a59574d47a3f125548ec02bd0a/Konachan.com%20-%20279284%20bikini%20black_hair%20blue_eyes%20blush%20bondage%20breasts%20chain%20jack_dempa%20long_hair%20navel%20original%20panties%20pubic_hair%20spread_legs%20swimsuit%20underwear.png
https://konachan.com/image/856c4357e3a58dddaf833519f9779abe/Konachan.com%20-%20279092%20ass%20azur_lane%20bandaid%20blonde_hair%20blush%20breasts%20cameltoe%20long_hair%20nipples%20no_bra%20panty_pull%20red_eyes%20school_uniform%20skirt%20thighhighs%20topless%20upskirt.png
https://konachan.com/image/a6fed1095750e75438b56ad9d204fad4/Konachan.com%20-%20278803%20animal_ears%20barefoot%20bed%20blue_eyes%20blue_hair%20catgirl%20cropped%20fang%20naked_shirt%20nipples%20no_bra%20open_shirt%20original%20scan%20shirt%20tail%20tears%20wink.png
https://konachan.com/image/23c8e5afe3d2a87d9b9b7db3d29e974a/Konachan.com%20-%20278546%20blush%20breasts%20cameltoe%20gau_%28n00_shi%29%20gray_hair%20long_hair%20navel%20nipples%20open_shirt%20original%20panties%20panty_pull%20red_eyes%20signed%20underwear.png
https://konachan.com/image/cf2095d66d9118fe61c008cae87409cc/Konachan.com%20-%20278399%202girls%20blue_eyes%20blue_hair%20blush%20flat_chest%20kure_%28kure_ng%29%20loli%20long_hair%20navel%20noah_%28sound_voltex%29%20nude%20ribbons%20sound_voltex%20twins.png
https://konachan.com/image/25d3edbe9c52cef341dcb934b84354c1/Konachan.com%20-%20277606%202girls%20ass%20ass_grab%20barefoot%20blonde_hair%20blush%20brown_hair%20couch%20karochii_%28mochiya%29%20long_hair%20nude%20original%20yuri.png
https://konachan.com/image/dd15a28b4964d931515139761d72ca32/Konachan.com%20-%20276978%202girls%20an-telin%20ass%20barefoot%20bed%20blush%20gray_hair%20jpeg_artifacts%20kiss%20komeiji_satori%20loli%20nude%20pink_hair%20short_hair%20sideboob%20touhou%20yuri.jpg
https://konachan.com/image/af24ec1e917f18b0c17ceb7f14780d29/Konachan.com%20-%20276823%20blonde_hair%20blush%20cameltoe%20chuablesoft%20fang%20flat_chest%20game_cg%20green_eyes%20loli%20long_hair%20mango_purin%20nipples%20open_shirt%20panties%20skirt%20socks%20underwear.png
https://konachan.com/image/32fdd1b1aaedef7641fbe1201924de18/Konachan.com%20-%20276453%20bath%20bathtub%20blush%20body_mahattaya_ginga%20breast_grab%20breasts%20brown_eyes%20fate_grand_order%20fate_%28series%29%20green_hair%20horns%20long_hair%20male%20navel%20water%20wet.jpg
https://konachan.com/image/8db9ca74fa0222314362a6cceec3dd48/Konachan.com%20-%20276192%202girls%20apple228%20ass%20bed%20blue_eyes%20blush%20bow%20brown_hair%20cameltoe%20dress%20long_hair%20maid%20original%20panties%20spread_legs%20twintails%20underwear%20white_hair%20yuri.jpg
https://konachan.com/image/5c17c9a856ca3dd5d0c84d3a51f761f9/Konachan.com%20-%20276118%20bikini%20blue_eyes%20blue_hair%20blush%20bow%20breasts%20dress%20drink%20flowers%20long_hair%20nipples%20original%20suiheisen%20swimsuit%20thighhighs%20twintails%20watermark.jpg
https://konachan.com/image/c396ba4f905a158b79727e352962ebd4/Konachan.com%20-%20274870%20animal_ears%20ataruman%20bed%20blush%20foxgirl%20loli%20navel%20nipples%20nude%20orange_eyes%20orange_hair%20senko%20sewayaki_kitsune_no_senko-san%20short_hair%20tail.png
https://konachan.com/image/b09a2a63657a9401a4f04b1458c3c0fb/Konachan.com%20-%20274375%20bed%20breasts%20condom%20lemonolemone%20naked_shirt%20navel%20no_bra%20open_shirt%20purple_eyes%20purple_hair%20shinjou_akane%20shirt%20short_hair%20ssss.gridman.jpg
https://konachan.com/image/ad223407d8581ac9dc831b85be8f3604/Konachan.com%20-%20273762%20blush%20breasts%20catgirl%20drink%20eyepatch%20flowers%20glasses%20gray_hair%20group%20headdress%20long_hair%20navel%20nipples%20nude%20onsen%20petals%20red_eyes%20sake%20tail%20water.jpg
https://konachan.com/image/39bda713f2f7e673b217bce71e9042d6/Konachan.com%20-%20273133%20animal_ears%20anthropomorphism%20azur_lane%20blush%20cameltoe%20elbow_gloves%20gloves%20green_eyes%20loli%20nipples%20panty_pull%20sakurea%20thighhighs%20topless%20white_hair.png
https://konachan.com/image/a27831fff793ac6dda85107ebde233cf/Konachan.com%20-%20272971%20barefoot%20beach%20bikini%20blonde_hair%20blush%20condom%20dark_skin%20drink%20garter%20long_hair%20nipples%20red_eyes%20sunglasses%20swimsuit%20tan_lines%20twintails%20zerogura.png
https://konachan.com/image/faaef9154d1c94752038934a3619aa88/Konachan.com%20-%20272652%202girls%20ass%20bed%20black_hair%20blush%20breasts%20dharker_studios%20game_cg%20green_eyes%20kopianget%20long_hair%20navel%20negligee_%28game%29%20nipples%20ponytail%20purple_hair%20yuri.png
https://konachan.com/image/979eadcbf5ebb996b070e251294652ed/Konachan.com%20-%20272650%20aqua_eyes%20barefoot%20blonde_hair%20blush%20dharker_studios%20game_cg%20jasmin_%28negligee%29%20kopianget%20long_hair%20negligee_%28game%29%20twintails%20wink.png
https://konachan.com/image/2883711919955f6727b6748cb5c6e222/Konachan.com%20-%20272542%20blue_eyes%20breasts%20brown_hair%20caidychen%20clouds%20fang%20fujiwara_yuzuru%20long_hair%20navel%20nipples%20nude%20ponytail%20pubic_hair%20sky%20water%20wet.png
https://konachan.com/image/7d4c48b1d551b2dd46df08e2f0a96007/Konachan.com%20-%20272436%20blonde_hair%20blush%20breasts%20dark_skin%20green_eyes%20long_hair%20navel%20nipples%20nude%20original%20tagme_%28artist%29.jpg
https://konachan.com/image/88bcba0114ab29ab8bc4b1594c1b33cd/Konachan.com%20-%20271969%20aqua_eyes%20barefoot%20blonde_hair%20long_hair%20nipples%20nude%20tagme_%28artist%29%20tagme_%28character%29%20transparent%20twintails.png
https://konachan.com/image/9bde4f8fd9c6578485b13f1ef16f678c/Konachan.com%20-%20271950%20blush%20dark_skin%20navel%20nipples%20panties%20pubic_hair%20shirt_lift%20tagme_%28artist%29%20tan_lines%20twintails%20underwear.jpg
https://konachan.com/image/dc104db57cfb0223d0b76828933724c5/Konachan.com%20-%20271805%20blush%20breasts%20karutamo%20navel%20nipples%20nude%20original%20red_eyes%20shower%20third-party_edit%20tissue-chan%20wet%20white%20white_hair.png
https://konachan.com/image/3fb313fd83f05fa45a5c926498204f46/Konachan.com%20-%20271693%20angelo_%28gomahangetsu%29%20anthropomorphism%20azur_lane%20japanese_clothes%20kimono%20nipples%20pubic_hair%20taihou_%28azur_lane%29.jpg
https://konachan.com/image/ade278291b628eb4804f6a9239dfcc97/Konachan.com%20-%20271351%20bed%20breasts%20clochette%20game_cg%20hatagami_mei%20long_hair%20nipples%20panties%20shintaro%20spread_legs%20twintails%20underwear%20wet%20white_hair%20yellow_eyes.png
https://konachan.com/image/9c35eb7c50652d55280a9c042021a3d2/Konachan.com%20-%20271166%20bikini%20breasts%20cameltoe%20gray_hair%20idolmaster%20jabara_tornado%20long_hair%20navel%20purple_eyes%20shijou_takane%20spread_legs%20sunglasses%20swimsuit%20white.png
https://konachan.com/image/fabbac3cfcb599b02cc566b2a4fe826d/Konachan.com%20-%20270537%20barefoot%20blue_eyes%20blush%20breasts%20green_hair%20kochiya_sanae%20long_hair%20navel%20nipples%20open_shirt%20sawayaka_samehada%20scan%20touhou%20white.png
https://konachan.com/image/5c0cd0583379a4e747c50c2ce47029ac/Konachan.com%20-%20270326%20aposine%20blue_eyes%20blush%20breasts%20cat_smile%20ichinose_shiki%20idolmaster%20long_hair%20navel%20nipples%20no_bra%20nude%20purple_hair%20wet%20white.png
https://konachan.com/image/96d15664cca37643cf8d05b1fbf1b490/Konachan.com%20-%20269852%20animal%20blue_eyes%20brown_hair%20gegege_no_kitaro%20gomezu%20inuyama_mana%20nude%20snake%20spread_legs%20white.jpg
https://konachan.com/image/0f5ae34d46bed24a88c5725b90f18d62/Konachan.com%20-%20267648%20blonde_hair%20blue_eyes%20braids%20breasts%20couch%20girls_und_panzer%20glasses%20navel%20nipples%20nksk%20no_bra%20nopan%20pubic_hair%20short_hair%20thighhighs.jpg
https://konachan.com/image/4098cbabb5b17e08de5a6e8dc3efbae6/Konachan.com%20-%20267120%20breasts%20kaleina_%28ricegnat%29%20long_hair%20navel%20nipples%20nopan%20original%20pointed_ears%20pubic_hair%20purple_eyes%20purple_hair%20ricegnat%20thighhighs%20white.jpg
https://konachan.com/image/bb021d9401bc7e82c96f67e72a4ee2e2/Konachan.com%20-%20266015%20animal_ears%20aqua_eyes%20breasts%20cait%20granblue_fantasy%20gray_hair%20korwa%20long_hair%20navel%20nipples%20nude%20petals%20white%20wristwear.png
https://konachan.com/image/dee446ca6d4e21da106d7827b1e06a68/Konachan.com%20-%20265964%20blue_eyes%20blush%20breasts%20brown_hair%20flowers%20granblue_fantasy%20headdress%20kochiya_%28gothope%29%20long_hair%20navel%20nipples%20nude%20rosetta_%28granblue_fantasy%29%20white.png
https://konachan.com/image/e86d91b35a1fc36e4af527e4f03a02d2/Konachan.com%20-%20264892%20blue_eyes%20blush%20breasts%20close%20nipples%20nude%20original%20pink_hair%20pubic_hair%20short_hair%20v-mag.jpg
https://konachan.com/image/804812dbf3253995ffeae1d3d18a0482/Konachan.com%20-%20263960%20anus%20blonde_hair%20blue_eyes%20blush%20breasts%20cleavage%20couch%20gloves%20long_hair%20mirai_akari%20panties%20ponytail%20skirt%20spread_legs%20thighhighs%20underwear.jpg
https://konachan.com/image/399a6140c78a360faae054a30ea36fb6/Konachan.com%20-%20263050%20ass%20black_hair%20blue_eyes%20blush%20breasts%20brown_eyes%20group%20long_hair%20navel%20nipples%20nude%20onsen%20original%20pink_eyes%20pink_hair%20pubic_hair%20water%20wet.jpg
https://konachan.com/image/b39aa8cfdca3279111b87616a33fd75b/Konachan.com%20-%20262959%20anthropomorphism%20bed%20blush%20jack_dempa%20kantai_collection%20kneehighs%20sendai_%28kancolle%29%20sideboob%20spread_legs%20wet.png
https://konachan.com/image/f2694c4e31b7e5a77658de0fe4bbda5e/Konachan.com%20-%20262523%20aikawa_tatsuki%20breasts%20green_eyes%20kirigaya_suguha%20nipples%20nude%20short_hair%20shower%20sword_art_online%20third-party_edit%20wet.png
https://konachan.com/image/98b25b064872bdb83c58e4d08af1df31/Konachan.com%20-%20261930%202girls%20barefoot%20bed%20black_hair%20breasts%20brown_hair%20gray_eyes%20long_hair%20nipples%20nude%20original%20purple_eyes%20short_hair%20underwear%20wet%20yuri.jpg
https://konachan.com/image/72783f1a038534a10115c091811a4869/Konachan.com%20-%20261741%20animal_ears%20apple%20ass%20barefoot%20bed%20bikini%20blush%20drink%20food%20foxgirl%20fruit%20horo%20logo%20long_hair%20orange_hair%20red_eyes%20swimsuit%20tail%20tofuubear%20watermark.jpg
https://konachan.com/image/daedd18ce69a03a9889197a163dd10b8/Konachan.com%20-%20261505%20angel%20book%20breasts%20cait%20elbow_gloves%20gloves%20halo%20jibril%20long_hair%20nipples%20no_game_no_life%20nude%20pink_hair%20spread_legs%20tattoo%20wings%20yellow_eyes.png
https://konachan.com/image/a80fc3c3cbd509e54d753bd553443fea/Konachan.com%20-%20261439%20alice_soft%20breasts%20elbow_gloves%20gloves%20green_eyes%20green_hair%20long_hair%20navel%20nipples%20nude%20tagme_%28artist%29%20transparent.png
https://konachan.com/image/c6e2fa2f10e177eb72820a77b8973130/Konachan.com%20-%20261023%20ascendant_hearts%20blush%20breasts%20flowers%20game_cg%20grass%20green_eyes%20long_hair%20navel%20nipples%20nude%20ponytail%20purple_hair%20tagme_%28artist%29.png
https://konachan.com/image/1896c673a60b95c181166c68551b9a11/Konachan.com%20-%20260915%202girls%20bed%20black_hair%20blonde_hair%20blush%20breasts%20elbow_gloves%20garter_belt%20gloves%20inue_shinsuke%20long_hair%20nipples%20stockings%20thighhighs.jpg
https://konachan.com/image/7324bd07a0d4be2344f09a39e610a0fd/Konachan.com%20-%20260380%20aqua_eyes%20barefoot%20breasts%20darling_in_the_franxx%20long_hair%20navel%20nude%20pink_hair%20tagme_%28artist%29%20white%20zero_two.jpg
https://konachan.com/image/4aafee23cc0ca5a2afde8f0b24c6cdcb/Konachan.com%20-%20259788%20blush%20breasts%20komeiji_satori%20nipples%20nude%20purple_eyes%20purple_hair%20sawayaka_samehada%20short_hair%20touhou.png
https://konachan.com/image/6057f33e3f4a5d2e4494ad4483293a1d/Konachan.com%20-%20258654%20breasts%20headphones%20navel%20necklace%20nipples%20no_bra%20pink_hair%20red_eyes%20sonico%20spread_legs%20super_sonico%20thighhighs%20topless%20v-mag%20waifu2x%20white.png
https://konachan.com/image/8f501637c77e4db1e47d0f016f0d0f1e/Konachan.com%20-%20257300%20aqua_eyes%20black_hair%20breasts%20cameltoe%20christmas%20ganaha_hibiki%20hat%20idolmaster%20long_hair%20navel%20pubic_hair%20santa_hat%20takahashi_umori%20white.png
https://konachan.com/image/c6cf7def49df7e01e986945165783457/Konachan.com%20-%20257132%20aliasing%20aqua_eyes%20blue_hair%20braids%20breasts%20flat_chest%20group%20loli%20long_hair%20navel%20nipples%20nude%20pink_hair%20ponytail%20red_eyes%20red_hair%20tail%20wink.png
https://konachan.com/image/555b41276d6036e4fa4eacd22f656f90/Konachan.com%20-%20256776%20aqua_eyes%20ass%20bikini%20breasts%20cura%20long_hair%20maitetsu%20migita_hibiki%20nipples%20ponytail%20red_hair%20swimsuit%20third-party_edit%20wet%20white.png
https://konachan.com/image/59bdc8ef890c37c150b1578e18e19897/Konachan.com%20-%20255871%202girls%20ass%20ass_grab%20blush%20breasts%20brown_eyes%20catgirl%20flowers%20long_hair%20navel%20necklace%20neko_works%20nekopara%20nipples%20sayori%20tail%20watermark%20wet%20yuri.png
https://konachan.com/image/d27406882e7a7b67e97c39d55efeb65a/Konachan.com%20-%20253449%20aqua_eyes%20blonde_hair%20blush%20breasts%20cameltoe%20crown%20game_cg%20long_hair%20necklace%20nipples%20oozora_itsuki%20panties%20spread_legs%20thighhighs%20tiara%20underwear.png
https://konachan.com/image/52ecb90dfab423b3a71ade2801ef3535/Konachan.com%20-%20253157%202girls%20anthropomorphism%20ass%20bed%20blonde_hair%20blush%20breasts%20brown_eyes%20long_hair%20mia_%28kuja999%29%20nipples%20nude%20purple_hair%20thighhighs%20yellow_eyes%20yuri.png
https://konachan.com/image/66e9ebba8d40ffdc80bbf2f32d446743/Konachan.com%20-%20252951%20bikini%20breasts%20erect_nipples%20fate_grand_order%20fate_%28series%29%20navel%20short_hair%20swimsuit%20underboob%20wantsuupanchi%20wet%20white_hair%20yellow_eyes.png
https://konachan.com/image/6a779ba436f946cd2ad8e2d050706739/Konachan.com%20-%20250299%20breasts%20brown_eyes%20brown_hair%20flowers%20haruhisky%20headband%20nipples%20nude%20pubic_hair%20short_hair%20spread_legs%20suzumiya_haruhi%20white.png
https://konachan.com/image/777b79370c90961555deb88774caef46/Konachan.com%20-%20248427%20bandage%20blue_eyes%20breasts%20fate_apocrypha%20fate_grand_order%20fate_%28series%29%20frankenstein%20horns%20panty_pull%20pink_hair%20shinozuka_atsuto%20short_hair%20wristwear.png
https://konachan.com/image/9215ca5c0a5534a934f704f4196ad779/Konachan.com%20-%20247194%20bikini%20bikini_top%20black_hair%20blush%20breast_hold%20breasts%20clochette%20game_cg%20haruru_minamo_ni%21%20headband%20matsufusa_ema%20nipples%20shintaro%20swimsuit%20wet.png
https://konachan.com/image/bc087df990b845d1482118a558791a2d/Konachan.com%20-%20246750%20anthropomorphism%20blonde_hair%20blush%20breasts%20cameltoe%20clouds%20elbow_gloves%20gloves%20long_hair%20navel%20no_bra%20panties%20sky%20thighhighs%20underwear%20yellow_eyes.png
https://konachan.com/image/9efbfd54af43315bcd17454be7f55751/Konachan.com%20-%20246695%20kaleina_%28ricegnat%29%20long_hair%20nipples%20nude%20original%20pointed_ears%20pubic_hair%20purple_eyes%20purple_hair%20ribbons%20ricegnat%20tattoo%20thighhighs.png
https://konachan.com/image/1501e3b4a08357ff070a61dbd4bf5d4d/Konachan.com%20-%20245951%20aqua_eyes%20barefoot%20bath%20bathtub%20blonde_hair%20blush%20breasts%20brown_hair%20game_cg%20hikami_kuon%20konoe_souichi%20long_hair%20male%20nipples%20nude%20short_hair%20wet.png
https://konachan.com/image/323d5384aa2f81e3b7ad80e72faaa37c/Konachan.com%20-%20245820%20ass%20blonde_hair%20book%20breasts%20close%20game_cg%20harukaze_soft%20hat%20nipples%20nora_to_oujo_to_noraneko_heart%20oozora_itsuki%20panties%20patricia_of_end%20underwear.png
https://konachan.com/image/4290d549a8df82a3b4d6184aa44a9c9b/Konachan.com%20-%20244710%202girls%20akine_%28kuroyuri%29%20aqua_hair%20blush%20breasts%20hinabita%20kiss%20nude%20red_hair%20shinonome_kokona%20shinonome_natsuhi%20water%20wet%20yuri.png
https://konachan.com/image/5e7a95083dd19b0785e0b2fad158d440/Konachan.com%20-%20244390%20ass%20blue_eyes%20blush%20cropped%20fate_extra%20fate_extra_ccc%20fate_%28series%29%20kanora%20long_hair%20meltryllis%20panties%20purple_hair%20underwear%20waifu2x.png
https://konachan.com/image/4864ee2823e66e009c896959116257f7/Konachan.com%20-%20243828%20ass%20blush%20breasts%20chidorigafuchi_aine%20gray_hair%20hisashi_%28nekoman%29%20long_hair%20masou_gakuen_hxh%20no_bra%20pink_eyes%20skirt%20tears%20thighhighs%20wet.png
https://konachan.com/image/fb778445625d436c8db1c13fb4b41948/Konachan.com%20-%20242376%20ass%20bikini%20blue_eyes%20bow%20eromanga-sensei%20gray_hair%20izumi_sagiri%20loli%20long_hair%20phone%20sayaka_otaku%20swimsuit.jpg
https://konachan.com/image/73556fd5c9c59f1115108ba328800230/Konachan.com%20-%20242146%20armor%20blue_eyes%20blush%20fate_grand_order%20fate_%28series%29%20long_hair%20meltryllis%20navel%20nopan%20purple_hair%20ribbons%20sukumo_%28kemutai%29%20tears%20thighhighs%20white.jpg
https://konachan.com/image/5a3094b50e8ef1f577db6e0d7e546bb8/Konachan.com%20-%20241814%202girls%20anthropomorphism%20aqua_eyes%20blonde_hair%20braids%20breasts%20brown_hair%20cait%20kantai_collection%20long_hair%20nipples%20nude%20red_eyes%20wet%20yuri.jpg
https://konachan.com/image/061b83696947d7708c3b890de4bc9194/Konachan.com%20-%20238303%20black_hair%20breast_grab%20breasts%20fate_grand_order%20fate_%28series%29%20long_hair%20male%20navel%20nipples%20purple_hair%20red_eyes%20yuzuriha_%28active_homing%29.png
https://konachan.com/image/f33d4e6e526d83bb7295a53aea214505/Konachan.com%20-%20236103%202girls%20ass%20blonde_hair%20bow%20breasts%20brown_eyes%20flandre_scarlet%20kiss%20purple_hair%20remilia_scarlet%20short_hair%20tears%20touhou%20vampire%20wings%20yuri.jpg
https://konachan.com/image/b6b8329bad58f97376be857d7988b9e4/Konachan.com%20-%20235952%20animal_ears%20blush%20breasts%20catgirl%20glasses%20kozue_akari%20navel%20nipples%20nude%20original%20purple_hair%20short_hair%20tail%20thighhighs%20waifu2x%20yellow_eyes.png
https://konachan.com/image/65a8563375491fc71f30a51e5479269a/Konachan.com%20-%20235606%20black_hair%20blush%20braids%20choker%20fang%20gray_hair%20logo%20loli%20male%20navel%20necklace%20nude%20pink_eyes%20psychic_hearts%20short_hair%20tagme_%28character%29%20yuyumatsu.jpg
https://konachan.com/image/0f70af1423184bf628f26a6df7fe19f2/Konachan.com%20-%20235603%20animal_ears%20blue_hair%20blush%20breasts%20gray_hair%20green_eyes%20jpeg_artifacts%20logo%20long_hair%20nude%20purple_eyes%20ribbons%20tail%20wet%20yuri%20yuyumatsu.jpg
https://konachan.com/image/a6d3177f32dfa25ea59a76586dae803f/Konachan.com%20-%20235568%202girls%20aki99%20blonde_hair%20breast_grab%20breasts%20brown_hair%20close%20nipples%20original%20topless%20yuri.png
https://konachan.com/image/34b5ba90a5ce70fd415337a53ea256fb/Konachan.com%20-%20235555%20animal%20animal_ears%20apple%20ass%20bird%20blonde_hair%20breasts%20flowers%20food%20foxgirl%20fruit%20long_hair%20nipples%20nude%20original%20red_eyes%20tail%20tree%20tyappygain%20wink.jpg
https://konachan.com/image/dcafc6d956fd2ec7597bb52979ce5de5/Konachan.com%20-%20235084%202girls%20animal_ears%20black_hair%20blush%20breast_grab%20breasts%20glasses%20kiss%20kozue_akari%20long_hair%20nipples%20no_bra%20original%20short_hair%20wet%20yuri.png
https://konachan.com/image/7d5715b7b780567ad13463a0a37a1856/Konachan.com%20-%20234887%20anthropomorphism%20aqua_eyes%20breasts%20frofrofrost%20kantai_collection%20navel%20nipples%20no_bra%20open_shirt%20pubic_hair%20third-party_edit%20undressing%20white.png
https://konachan.com/image/69ad2e0d383508000ea4b0ad8f6cce1e/Konachan.com%20-%20234739%202girls%20bandage%20breasts%20brown_hair%20dkoro%20hat%20kiss%20megumin%20nipples%20nude%20red_eyes%20short_hair%20thighhighs%20twins%20twintails%20witch_hat%20yunyun_%28konosuba%29%20yuri.png
https://konachan.com/image/e3c27a6813962f9ec14148846c4bfa05/Konachan.com%20-%20234714%20aqua_eyes%20blush%20breasts%20gloves%20granblue_fantasy%20horns%20katana%20long_hair%20nipples%20nude%20pointed_ears%20purple_hair%20remana%20scan%20sword%20weapon.png
https://konachan.com/image/1622577a7a26e9e2f8a6710eadf46b72/Konachan.com%20-%20233851%20aida_takanobu%20ass%20bed%20blue_hair%20blush%20hug%20kimishima_ai%20kimishima_aya%20long_hair%20navel%20nude%20sono_hanabira_ni_kuchizuke_wo%20twins%20yuri.png
https://konachan.com/image/998c2f00109b3c3ddf962c32a2504d98/Konachan.com%20-%20229572%20aqua_eyes%20armor%20ass%20bandaid%20blush%20boots%20bow%20cameltoe%20fate_extra_ccc%20fate_grand_order%20fate_%28series%29%20flat_chest%20long_hair%20meltryllis%20navel%20purple_hair.png
https://konachan.com/image/bbb06eab844444119addc4498369b2ea/Konachan.com%20-%20227328%20blonde_hair%20blush%20bondage%20breasts%20bug_system%20game_cg%20long_hair%20navel%20nipples%20nude%20purple_eyes%20ribbons%20rope%20rubi-sama%20twintails%20water%20wet.png
https://konachan.com/image/924c6dcc2ccf0dfdff3f4905826a19f7/Konachan.com%20-%20225219%20bed%20black_eyes%20black_hair%20breasts%20cameltoe%20condom%20idolmaster%20navel%20nipples%20no_bra%20open_shirt%20panties%20shirt%20short_hair%20underwear%20waifu2x%20wet%20yokkora.png
https://konachan.com/image/2f3949a370d411cb26af6ac7e60d1443/Konachan.com%20-%20221857%20anthropomorphism%20breasts%20hiryuu_%28kancolle%29%20kantai_collection%20kiss%20nude%20sideboob%20souryuu_%28kancolle%29%20wa_%28genryusui%29%20yuri.jpg
https://konachan.com/image/bced8c26f6bc7b7481f0a7c31ee5267f/Konachan.com%20-%20220402%20breasts%20lala_satalin_deviluke%20nipples%20nude%20sairenji_haruna%20scan%20to_love_ru%20yabuki_kentarou.png
https://konachan.com/image/84acabd52a6109182f9fce6c56ad36eb/Konachan.com%20-%20219853%20ass%20blue_eyes%20blush%20breasts%20forest%20nipples%20nopan%20original%20panty_pull%20purple_hair%20scan%20topless%20tree%20yuuki_hagure.png
https://konachan.com/image/e7b65e5291a8608dcce85ea2ce593bad/Konachan.com%20-%20214590%20blush%20breasts%20brown_hair%20cleavage%20green_eyes%20idolmaster%20long_hair%20natsu_%28anta_tte_hitoha%29%20panties%20shibuya_rin%20spread_legs%20thighhighs%20underwear.jpg
https://konachan.com/image/fe59c15619583b7f01bfe0a275be5f15/Konachan.com%20-%20214402%202girls%20aqua_eyes%20ass%20bed%20blonde_hair%20blush%20bow%20breasts%20crown%20green_hair%20headband%20long_hair%20nipples%20nude%20purple_eyes%20rosalina%20twintails%20yuri.png
https://konachan.com/image/ff037fdb14fec6c1aa19c4f1b32d52ef/Konachan.com%20-%20210968%20bed%20blue_eyes%20blue_hair%20blush%20breasts%20hunie_pop%20nikki_ann-marie%20ninamo%20underwear.jpg
https://konachan.com/image/4bc878c9ab9100a37af6d6366a7514eb/Konachan.com%20-%20210814%202girls%20barefoot%20black_hair%20blush%20cropped%20komori_kiri%20nude%20sayonara_zetsubou_sensei%20shower%20tagme_%28character%29%20taked%20yuri.jpg
https://konachan.com/image/6f28661915cef0c0b66406f9f513ced3/Konachan.com%20-%20210019%20aqua_eyes%20aqua_hair%20ban%20bikini_top%20navel%20nopan%20onepunch_man%20open_shirt%20short_hair%20tatsumaki_%28onepunch_man%29.jpg
https://konachan.com/image/01e4e74b81827ee654a93562e576c4b1/Konachan.com%20-%20209861%20breasts%20hayami_kanade%20idolmaster%20idolmaster_cinderella_girls%20jougasaki_mika%20nipples%20nude%20pubic_hair%20shibuya_rin%20tagme_%28artist%29%20white.jpg
https://konachan.com/image/1ab4f67e5f141d8d47c8de4a2f2ea691/Konachan.com%20-%20205859%20bed%20brown_hair%20dengeki_moeoh%20loli%20night%20nude%20original%20purple_eyes%20yuuki_hagure.png
https://konachan.com/image/f179559da5f4d254303b9deb439f0ca4/Konachan.com%20-%20205612%202girls%20animal_ears%20blush%20breasts%20foxgirl%20kimagure_kitsune%20long_hair%20nipples%20nude%20orange_hair%20original%20red_eyes%20yuri.jpg
https://konachan.com/image/f4d20e27b5932f3cdd621fee9033cb87/Konachan.com%20-%20203645%202girls%20ass%20game_cg%20gray_hair%20hanahime_absolute%21%20kannagi_rei%20nekoyashiki_maher%20nipples%20nude%20pink_hair%20reina_lilou_lowchen%20thighhighs%20wet.png
https://konachan.com/image/deae330f932c8a18a68eff1ea6b6e629/Konachan.com%20-%20202902%20barefoot%20black_hair%20game_console%20kagome%20loli%20long_hair%20natsume_ai%20nipples%20no_bra%20nopan%20open_shirt%20sakura_no_uta.jpg
https://konachan.com/image/1565666cc8ede1f187a1dff58144d3d2/Konachan.com%20-%20201293%202girls%20animal%20aqua_eyes%20ass%20blush%20bubbles%20fang%20flat_chest%20hat%20karutamo%20loli%20long_hair%20nipples%20nude%20original%20pink_eyes%20red_hair%20twintails%20yuri.jpg
https://konachan.com/image/68414eb3677a0c7461d86087a8e2e66b/Konachan.com%20-%20201292%202girls%20animal%20aqua_eyes%20ass%20blonde_hair%20blush%20crab%20hat%20hazuki_watora%20karutamo%20loli%20long_hair%20nude%20original%20pink_eyes%20red_hair%20twintails%20yuri.jpg
https://konachan.com/image/74f65ef5de990d813731d4613df3177b/Konachan.com%20-%20200660%20aqua_eyes%20banana_nagi%20blush%20bra%20breast_hold%20breasts%20feathers%20gray_hair%20long_hair%20navel%20nipples%20nude%20rossweisse%20signed%20underwear%20water%20wet.jpg
https://konachan.com/image/355795f0fabf02f0fe7c930e6c10444b/Konachan.com%20-%20200220%202girls%20blonde_hair%20blue_eyes%20breasts%20brown_hair%20garter%20garter_belt%20masayan_%28minor-ms%29%20nude%20original%20red_eyes%20stockings%20thighhighs%20yuri.jpg
https://konachan.com/image/a65a4a01f622ad7786021241b0c16465/Konachan.com%20-%20200198%202girls%20aqua_eyes%20blonde_hair%20blush%20bow%20braids%20breasts%20brown_hair%20cleavage%20long_hair%20nude%20red_eyes%20ribbons%20scarf%20shinonome_haru%20tears%20yuri.jpg
https://konachan.com/image/938b5db48c79488440b9c98262796e77/Konachan.com%20-%20200020%20animal_ears%20bandaid%20blue_eyes%20blue_hair%20blush%20catgirl%20fast-runner-2024%20gun_gale_online%20nude%20shinon_%28sao%29%20sword_art_online%20thighhighs%20white.png
https://konachan.com/image/b333700d11dac260727f0a7fd35094cb/Konachan.com%20-%20197596%20ayase_eri%20breast_hold%20breasts%20hoshizora_rin%20koizumi_hanayo%20kure_masahiro%20minami_kotori%20nipples%20nude%20sonoda_umi%20thighhighs%20toujou_nozomi%20yazawa_nico.jpg
https://konachan.com/image/cf860ce1647e402949d55c63504e4268/Konachan.com%20-%20197588%20black_hair%20blue_eyes%20blush%20breasts%20glasses%20navel%20nekobaka%20nipples%20nude%20original%20short_hair.png
https://konachan.com/image/727ba4003de907536e9369af440d4331/Konachan.com%20-%20196538%202girls%20aki99%20breasts%20brown_eyes%20brown_hair%20mikasa_ackerman%20nipples%20nude%20sasha_browse%20scarf%20shingeki_no_kyojin%20short_hair%20yuri.png
https://konachan.com/image/119de0624e72b5d8f7202572c9468bb4/Konachan.com%20-%20196353%20blonde_hair%20blue_eyes%20breast_hold%20long_hair%20nude%20tagme_%28character%29%20tousougeki_reactor%20wet%20won_%28artist%29.png
https://konachan.com/image/9139e3fee9fad6bd68ca8962ff2eea91/Konachan.com%20-%20195751%20animal_ears%20ass%20black_hair%20breasts%20foxgirl%20horori_%28halloweenday309%29%20katana%20long_hair%20mask%20navel%20nipples%20nude%20original%20sword%20weapon.jpg
https://konachan.com/image/105d4dd1d6920da95eefcf3efb27656e/Konachan.com%20-%20194300%20blonde_hair%20breasts%20brown_eyes%20dengeki_hime%20logo%20mitsumomo_mamu%20nipples%20panties%20starlight_idol%20twintails%20underwear%20wet%20yomikawa_mana.png
https://konachan.com/image/a987c248bcae2fc83641f41892a430e1/Konachan.com%20-%20194211%20blush%20breasts%20hat%20ke-ta%20mystia_lorelei%20nipples%20nude%20red_eyes%20red_hair%20scan%20short_hair%20tears%20touhou%20wings.png
https://konachan.com/image/aef5980a1165ab2b2d036857c78887ee/Konachan.com%20-%20193849%20anthropomorphism%20bondage%20breasts%20dark_skin%20glasses%20kantai_collection%20musashi_%28kancolle%29%20nipples%20no_bra%20nopan%20open_shirt%20thighhighs%20wamwam.jpg
https://konachan.com/image/db45e7381009bac6d7737e885653482e/Konachan.com%20-%20192501%20anthropomorphism%20ban%20breasts%20brown_eyes%20brown_hair%20gloves%20hat%20navel%20nipples%20no_bra%20nopan%20ofuda%20open_shirt%20short_hair%20spread_legs%20thighhighs%20uniform.jpg
https://konachan.com/image/123130f319255055aea31266db1739c1/Konachan.com%20-%20191836%20breast_hold%20breasts%20dengeki_hime%20logo%20long_hair%20nipples%20nude%20ohno_tetsuya%20prism_princess%20tagme_%28character%29%20twintails.jpg
https://konachan.com/image/37f3fedc9bc7e83afe6fd466a8bfe447/Konachan.com%20-%20190585%20black_hair%20blue_eyes%20blush%20breasts%20garter_belt%20logo%20long_hair%20moonstone%20nipples%20no_bra%20nopan%20open_shirt%20panties%20stockings%20thighhighs%20underwear.jpg
https://konachan.com/image/203b0bfd1b417a57a2e09081db6a3a2c/Konachan.com%20-%20190296%20armor%20bicolored_eyes%20breasts%20gray_hair%20long_hair%20nipples%20nude%20original%20scan%20tears%20thighhighs%20urushihara_satoshi.jpg
https://konachan.com/image/35d0ccdc4367d25acbce4f9bd41a191a/Konachan.com%20-%20189802%20blush%20breasts%20dengeki_hime%20long_hair%20nabekane_tsubasa%20nipples%20no_bra%20nopan%20onomatope%2A%20open_shirt%20shiratama.png
https://konachan.com/image/aaa37abd818dcdc77bf5a35e41ff8fa7/Konachan.com%20-%20188843%20animal_ears%20ass%20ass_grab%20bra%20breasts%20bunny_ears%20bunnygirl%20haruhisky%20panties%20suzumiya_haruhi%20suzumiya_haruhi_no_yuutsu%20thighhighs%20underwear%20wink.png
https://konachan.com/image/bdb38e48287e317c86fa91505e060ffb/Konachan.com%20-%20186715%20barefoot%20blue_eyes%20blush%20breasts%20brown_hair%20logo%20long_hair%20nipples%20no_bra%20original%20road_%28artist%29%20spread_legs%20wet.jpg
https://konachan.com/image/72cfd266648ea82ba554fa3c11bf5429/Konachan.com%20-%20179512%20anthropomorphism%20blue_eyes%20bondage%20breasts%20gag%20gumi_hundred%20kantai_collection%20nipples%20nude%20pink_hair%20shiranui_%28kancolle%29%20short_hair%20tears.png
https://konachan.com/image/9e4de0341b64dc6ea9ad476580178dd3/Konachan.com%20-%20178887%202girls%20akizuki_ritsuko%20brown_hair%20glasses%20hoshii_miki%20idolmaster%20inu_%28aerodog%29%20nude%20yuri.jpg
https://konachan.com/image/2f31748c9685d5e417d5c63ec5a4b6eb/Konachan.com%20-%20178867%202girls%20aki99%20ass%20bed%20black_hair%20blush%20breasts%20brown_eyes%20brown_hair%20flat_chest%20long_hair%20naruse_yuu%20nipples%20nude%20spread_legs%20tears%20vibrator%20yuri.png
https://konachan.com/image/14054d7cdffd79169cc8c16e2328a782/Konachan.com%20-%20178004%20candy%20chocolate%20purple_hair%20ryohka%20scan%20tagme%20thighhighs.png
https://konachan.com/image/5b8e5daf2379292c57292e2faecac5d0/Konachan.com%20-%20176706%202girls%20blonde_hair%20kiss%20long_hair%20nude%20ponytail%20purple_hair%20sugiura_ayano%20thighhighs%20toshinou_kyouko%20yama%20yuri%20yuru_yuri.jpg
https://konachan.com/image/e577b8809a7d546e6767228bbdcce186/Konachan.com%20-%20176512%202girls%20ass%20blue_eyes%20brown_eyes%20brown_hair%20ishikawa_puro%20kawakami_kiiko%20kuttsukiboshi%20nude%20saitou_aaya%20scan%20sideboob%20white_hair%20yuri.png
https://konachan.com/image/1873e96e499461ee5baf17644c26b9e8/Konachan.com%20-%20176265%20apron%20ass%20black_eyes%20black_hair%20blush%20breasts%20kugutsu_haruka%20long_hair%20nipples%20panties%20ponytail%20scan%20skirt%20spread_legs%20thighhighs%20underwear.png
https://konachan.com/image/a49e181cd6bbd993075f3d86d141c842/Konachan.com%20-%20176131%202girls%20blue_eyes%20blue_hair%20blush%20breasts%20headband%20long_hair%20nipples%20no_bra%20nopan%20open_shirt%20pink_eyes%20root_harem%20sayori%20scan%20short_hair%20socks%20yuri.png
https://konachan.com/image/10cd6c45daf8481beafd87c33aec287f/Konachan.com%20-%20171238%20animal_ears%20blush%20bunny_ears%20bunnygirl%20choker%20dark_skin%20flat_chest%20long_hair%20navel%20nipples%20original%20purple_hair%20tan_lines%20yellow_eyes.jpg
https://konachan.com/image/32fc93f5b430b7d3f144c8ab573cae90/Konachan.com%20-%20168747%202girls%20ass%20ass_grab%20blush%20breasts%20dress%20flat_chest%20gayarou%20green_eyes%20loli%20long_hair%20nipples%20no_bra%20panties%20pink_hair%20red_eyes%20short_hair%20underwear.png
https://konachan.com/image/ed42c5134ac08de19f395e8d1db976c4/Konachan.com%20-%20168567%20ass%20bikini%20blush%20brown_eyes%20brown_hair%20cameltoe%20haruhisky%20ribbons%20short_hair%20sideboob%20suzumiya_haruhi%20suzumiya_haruhi_no_yuutsu%20swimsuit%20wet.jpg
https://konachan.com/image/4bee6775eeb0506600dd94f8d94920ee/Konachan.com%20-%20168162%20blush%20breasts%20moonshiner%20navel%20nipples%20nude%20original%20purple_eyes%20purple_hair%20sawaragi%20shower%20wet%20zoom_layer.png
https://konachan.com/image/fcf83135b655d813f3e84695e3cc3bc4/Konachan.com%20-%20167483%20bed%20black_hair%20blush%20breasts%20chuablesoft%20long_hair%20mango_purin%20navel%20nipples%20nopan%20oohinata_rui%20open_shirt%20petals%20purple_eyes%20thighhighs.png
https://konachan.com/image/e78699fea3ef8f978a8ba9914835201e/Konachan.com%20-%20166725%20aikatsu%21%20blush%20breasts%20brown_hair%20ichinose_kaede%20k10k%20long_hair%20navel%20ponytail%20purple_eyes%20shibuki_ran%20tentacles%20wet.png
https://konachan.com/image/28bb4ce75729d90bad5c02536156819c/Konachan.com%20-%20165548%20asama_tomo%20barefoot%20bicolored_eyes%20breasts%20kure_masahiro%20kyoukai_senjou_no_horizon%20neito_mitotsudaira%20nipples%20spread_legs.jpg
https://konachan.com/image/3ee1a7fc205319fa477c4de99f08ef37/Konachan.com%20-%20164814%20blush%20guilty_crown%20misakamitoko0903%20nopan%20pink_hair%20red_eyes%20school_uniform%20spread_legs%20white%20yuzuriha_inori.jpg
https://konachan.com/image/9ca9d97b90c1122f9dfd1ad4a5c7df2c/Konachan.com%20-%20164355%20ayanami_rei%20barefoot%20breasts%20cyan%20drink%20fuyuno_haruaki%20neon_genesis_evangelion%20nipples%20nude%20purple_hair%20red_eyes%20short_hair%20spread_legs%20towel.png
https://konachan.com/image/b5903d78a9c3fb75555db70969ef9dd3/Konachan.com%20-%20163721%20bell%20blonde_hair%20blush%20christmas%20food%20fruit%20hat%20ice_cream%20loli%20nipples%20nude%20pikazo%20purple_eyes%20santa_hat%20santaful_summer%20water%20watermelon.jpg
https://konachan.com/image/95da8b612ecceed1832a9c9015a18db4/Konachan.com%20-%20162427%20blush%20breasts%20brown_hair%20cameltoe%20john_doe_shinobu%20loli%20nipples%20panties%20sleeping%20striped_panties%20twintails%20underwear%20wet.jpg
https://konachan.com/image/6356d4a3b6fc287aa99530954a7e4c9f/Konachan.com%20-%20162262%20bed%20blush%20breasts%20dengeki_hime%20loli%20niieda_miyu%20nipples%20nopan%20open_shirt%20pink_hair%20ribbons%20santaful_summer%20scan%20teddy_bear%20thighhighs%20usume_shirou.png
https://konachan.com/image/e47955935a031ee0e6d464eb2dff715f/Konachan.com%20-%20161430%20black_hair%20blue_eyes%20blush%20flat_chest%20kneehighs%20loli%20long_hair%20nipples%20original%20shouji_ayumu%20socks.jpg
https://konachan.com/image/de826429e17a7631a4075d6b1bf582a5/Konachan.com%20-%20161138%202girls%20frapowa%20love_live%21_school_idol_project%20minami_kotori%20open_shirt%20skirt%20sonoda_umi%20tribadism%20yuri.jpg
https://konachan.com/image/4c28f9fc0a2f16a7309e9afd4a1ed81e/Konachan.com%20-%20160073%202girls%20ass%20barefoot%20breasts%20brown_eyes%20brown_hair%20drink%20gloves%20long_hair%20nipples%20open_shirt%20panties%20short_hair%20skirt%20thighhighs%20topless%20underwear%20wet.jpg
https://konachan.com/image/6fdcbba070101e7d16c62eab340e98eb/Konachan.com%20-%20157784%202girls%20animal_ears%20ass%20bikini%20blush%20breasts%20dark_skin%20pink_eyes%20purple_eyes%20purple_hair%20swimsuit%20tagme%20tan_lines%20torisan%20water%20wet%20white_hair.jpg
https://konachan.com/image/d675b5b1ba73149258997f1b31375aa4/Konachan.com%20-%20155195%20breast_grab%20breasts%20game_cg%20hazumi_rio%20kiss%20lime_%28company%29%20nipples%20nude%20royal_duty_flush%20yuri.png
https://konachan.com/image/80a0461bfe82b419f846a167e5508623/Konachan.com%20-%20147568%20akashiya_moka%20blue_hair%20breasts%20demon%20kurono_kurumu%20rosario%2Bvampire%20succubus%20tail%20topless%20underwear%20wings%20yuri.png
https://konachan.com/image/d9acdeb1b31880fa0fb8622211f3f643/Konachan.com%20-%20146380%20barefoot%20bath%20bathtub%20brown_hair%20flat_chest%20green_eyes%20nipples%20nude%20original%20red_eyes%20water%20yuki18r.jpg
https://konachan.com/image/56e1522bbd1cf717ac4d5587c385bd84/Konachan.com%20-%20146028%202girls%20bandaid%20blush%20fang%20imouto_paradise%20itou_life%20loli%20nanase_hiyori%20nanase_koharu%20navel%20nopan%20school_uniform%20skirt%20skirt_lift%20twins.png
https://konachan.com/image/8ff0341de1aa341300d02ff8aebf0307/Konachan.com%20-%20145951%20bed%20blush%20hat%20navel%20nipples%20nopan%20nude%20remilia_scarlet%20ribbons%20shimotsuki_keisuke%20short_hair%20thighhighs%20touhou%20vampire%20wings.jpg
https://konachan.com/image/ea606414197b578fa0bb39b4cf40f8c1/Konachan.com%20-%20145884%20blush%20breasts%20japanese_clothes%20long_hair%20miyama-zero%20nipples%20original%20panties%20purple_hair%20socks%20underwear.png
https://konachan.com/image/25aca410e3e006eaa8384ab1f6c37a13/Konachan.com%20-%20145453%20amagi_kazuya%20bath%20blush%20breasts%20brown_hair%20exception%20game_cg%20nipples%20nude%20shiromiko.jpg
https://konachan.com/image/735629b2e113864189201a78684fb7f6/Konachan.com%20-%20145170%20ass%20blonde_hair%20close%20dark_magician_girl%20long_hair%20panties%20tsukasawa_takamatsu%20underwear%20yu-gi-oh.jpg
https://konachan.com/image/4b6849c796349962591e036db1e3a4b7/Konachan.com%20-%20142594%20amatsumi_sora_ni%20blush%20long_hair%20nude%20petals%20purple_hair%20ribbons%20shintaro%20tobari_chisa.png
https://konachan.com/image/1443f93f775f265ccf59397b1c30f4c0/Konachan.com%20-%20137020%20blue_hair%20blush%20hat%20hinanawi_tenshi%20imai_kazunari%20long_hair%20nopan%20red_eyes%20touhou.jpg
https://konachan.com/image/381751e78e88a5d664e6f2f1528a5071/Konachan.com%20-%20136065%20bandaid%20bed%20blush%20breasts%20miruko36%20nipples%20nude%20original%20thighhighs%20twintails.jpg
https://konachan.com/image/82a18fd3524334d6477879052b428712/Konachan.com%20-%20135798%20blue_hair%20blush%20breasts%20cropped%20fang%20flat_chest%20itou_life%20long_hair%20naked_shirt%20navel%20nipples%20open_shirt%20panties%20red_eyes%20scan%20shirt%20underwear.png
https://konachan.com/image/819eb7fac410d79cb4192cd95639c913/Konachan.com%20-%20135031%20bandaid%20bed%20blonde_hair%20blush%20breasts%20condom%20dress%20long_hair%20nipples%20nopan%20oshino_shinobu%20pointed_ears%20summer_dress%20tanabe_kyou%20yellow_eyes.jpg
https://konachan.com/image/f206a65c3da0cb60b0db88b5f57b2a8b/Konachan.com%20-%20134639%20blue_eyes%20blush%20brown_hair%20candy%20chocolate%20cura%20flat_chest%20food%20fruit%20game_cg%20loli%20long_hair%20lose%20monobeno%20nude%20sawai_natsuha%20strawberry.png
https://konachan.com/image/2e9aa784bd48191cd7ce18b4d2f79bb4/Konachan.com%20-%20134312%20blush%20bondage%20breasts%20cameltoe%20erect_nipples%20green_eyes%20green_hair%20japanese_clothes%20jpeg_artifacts%20kochiya_sanae%20long_hair%20miko%20paintmusume%20touhou.jpg
https://konachan.com/image/b589835d9090f40822c6acaa14969de1/Konachan.com%20-%20132951%20blush%20hatsune_miku%20jack_dempa%20vocaloid.png
https://konachan.com/image/37e5bfe67833e0887d151499794538e1/Konachan.com%20-%20132895%20angel_wish%20blue_hair%20favorite%20game_cg%20green_eyes%20kidosaki_nanami%20nipples%20open_shirt%20short_hair%20skirt%20underwear.jpg
https://konachan.com/image/98fb10db933cb1f25fca5a09cec8a3e4/Konachan.com%20-%20132893%20angel_wish%20blue_hair%20favorite%20game_cg%20kidosaki_nanami%20nipples%20open_shirt%20short_hair%20skirt%20underwear.jpg
https://konachan.com/image/0d32c90fa4d28781631576da97d10047/Konachan.com%20-%20130279%20bath%20blush%20breasts%20close%20game_cg%20makita_maki%20nipples%20nude%20red_hair%20shinigami_no_testament%20short_hair%20takamiya_ayumu%20water%20wet.png
https://konachan.com/image/0173ab6b71214b0e4c5afdf2919d7c28/Konachan.com%20-%20130112%20animal_ears%20blue_eyes%20blue_hair%20bra%20breasts%20catgirl%20collar%20japanese_clothes%20kochiya_sanae%20miko%20nipples%20nopan%20ojitcha%20tail%20thighhighs%20touhou%20underwear.jpg
https://konachan.com/image/fba0da523f5600a5fff8ac431b67ba89/Konachan.com%20-%20129024%20bath%20bathtub%20blush%20breast_hold%20breasts%20fumio%20grisaia_no_kajitsu%20grisaia_no_meikyu%20long_hair%20navel%20nipples%20nude%20suou_amane%20wet.png
https://konachan.com/image/ffdea2d13839caa881abd58bf5588670/Konachan.com%20-%20128259%20blush%20breasts%20dark_skin%20kneehighs%20nipples%20onaka_itai%20scarf%20short_hair%20wet%20white%20white_hair%20yellow_eyes.jpg
https://konachan.com/image/4b68c7ac3c8e08e97b8238d6bdf8c71c/Konachan.com%20-%20128171%20animal_ears%20blush%20breasts%20bunny_ears%20bunnygirl%20dabadhi%20nipples%20no_bra%20open_shirt%20panties%20spread_legs%20striped_panties%20touhou%20underwear.png
https://konachan.com/image/cc9477bcc3e9347fb1767b5f9b091060/Konachan.com%20-%20127159%20aqua_eyes%20black_hair%20blue_eyes%20blue_hair%20brown_eyes%20brown_hair%20gishin_anki%20loli%20long_hair%20nipples%20nude%20original%20pink_hair%20purple_eyes%20short_hair.png
https://konachan.com/image/442955f498b1fa75a2d818f463ceed19/Konachan.com%20-%20125857%20bandaid%20blue_eyes%20breasts%20brown_hair%20long_hair%20munyuu%20nipples%20no_bra%20nopan%20open_shirt%20skirt%20tagme%20thighhighs.png
https://konachan.com/image/7eaca0a37b88b81a9feb791bcfe93630/Konachan.com%20-%20123595%202girls%20blue_hair%20breasts%20flowers%20king_of_fighters%20kiss%20kula_diamond%20missnips%20nipples%20nude%20whip_%28kof%29%20yuri.jpg
https://konachan.com/image/9c3bf0806a5321232ec0c03fd47a7dad/Konachan.com%20-%20120922%20aki_minoriko%20aki_shizuha%20ass%20autumn%20blonde_hair%20breasts%20food%20fruit%20hakurei_reimu%20komuki%20nipples%20nopan%20topless%20touhou%20yukkuri_shiteitte_ne%20yuri.jpg
https://konachan.com/image/e49afb08e2cfbc8e6e31eefda15b63e0/Konachan.com%20-%20120322%20blush%20breasts%20brown_hair%20cameltoe%20game_cg%20komori_kei%20long_hair%20nipples%20no_bra%20open_shirt%20panties%20ricotta%20spread_legs%20thighhighs%20underwear%20wet.png
https://konachan.com/image/de3bc5ea8c93f41942ce15343c094288/Konachan.com%20-%20118181%202girls%20blush%20breasts%20hakurei_reimu%20japanese_clothes%20kiss%20kochiya_sanae%20long_hair%20miko%20nipples%20tagme%20topless%20touhou%20yoshimo%20yuri.png
https://konachan.com/image/a7fb34ce8f9bd1e8a28c3590cd1245ea/Konachan.com%20-%20117024%20bandaid%20blush%20breasts%20fang%20food%20fruit%20group%20ice_cream%20long_hair%20navel%20nipples%20nude%20pink_hair%20ponytail%20red_eyes%20short_hair%20strawberry%20twintails.jpg
https://konachan.com/image/66b1e3afc3bf928f61b3008aff957c26/Konachan.com%20-%20117021%20bandaid%20blush%20bow%20breasts%20choker%20fang%20food%20fruit%20group%20headdress%20ice_cream%20long_hair%20navel%20nipples%20nude%20pink_hair%20ponytail%20red_eyes%20twintails.jpg
https://konachan.com/image/44f23c2171fbeba91a956c52da93553b/Konachan.com%20-%20117020%20bandaid%20blush%20bow%20breasts%20choker%20food%20fruit%20group%20headdress%20ice_cream%20long_hair%20navel%20nude%20pink_hair%20ponytail%20red_eyes%20short_hair%20twintails%20wristwear.jpg
https://konachan.com/image/fcacc1839815ab02757c772ae000430e/Konachan.com%20-%20116278%202girls%20amasawa_yuko%20camera%20dennou_coil%20kamotama%20kiss%20nude%20okonogi_sanae%20okonogi_yuko%20yuri.jpg
https://konachan.com/image/e6ee7d49384a9bda6cfcf52e9cd9f99c/Konachan.com%20-%20116250%20ass%20blush%20brown_eyes%20brown_hair%20kneehighs%20misaka_mikoto%20misakamitoko0903%20panties%20panty_pull%20school_uniform%20to_aru_majutsu_no_index%20underwear.jpg
https://konachan.com/image/7aa77ee4cd495304c8e9541aa9a3ec1a/Konachan.com%20-%20114989%20black_hair%20breasts%20long_hair%20nipples%20original%20red_eyes%20tentacles%20thighhighs%20torn_clothes%20twintails%20wacchi.png
https://konachan.com/image/98462f7b2b53d62aa6747a69a38b4768/Konachan.com%20-%20113183%20bandaid%20barefoot%20bed%20green_hair%20koutaro%20nipples%20nipple_slip%20no_bra%20open_shirt%20original%20panties%20panty_pull%20shirt%20underwear.jpg
https://konachan.com/image/19f748c64ccf86c097754a608524a27a/Konachan.com%20-%20110875%20ass%20kikuchi_seiji%20mayo_chiki%21%20nude%20suzutsuki_kanade%20wet.jpg
https://konachan.com/image/1073c99a64b5eb6e74a44f7b82be7ba2/Konachan.com%20-%20109564%20breasts%20censored%20holly_smirnov%20mobile_suit_gundam%20mobile_suit_gundam_00%20nipples%20tadano_akira.jpg
https://konachan.com/image/61897670402fe7a4067e5c0a4eb7ae7b/Konachan.com%20-%20105458%202girls%20black_hair%20blonde_hair%20breasts%20game_cg%20luna_lia%20makita_maki%20mecha-con%21%20nipples%20onomatope%2A%20panties%20sawatari_saki%20twintails%20underwear.png
https://konachan.com/image/c89f88f24684d3524c82adc9630a9fa2/Konachan.com%20-%20101972%20blonde_hair%20blush%20breast_grab%20game_cg%20green_eyes%20nimura_yuushi%20nude%20oni_gokko%20sumiyoshi_kureha%20towel.png
https://konachan.com/image/a2b23fac8572f1bf0f772611661693bf/Konachan.com%20-%20101793%20bed%20blush%20breasts%20brown_eyes%20brown_hair%20nipples%20nude%20okano_hajime%20original%20tears%20wet.jpg
https://konachan.com/image/5bcc50ae6865fe6679be6015032de912/Konachan.com%20-%2098345%20akira_aoi%20breasts%20komeiji_satori%20nipples%20panties%20shiki_eiki%20touhou%20underwear.jpg
https://konachan.com/image/c65f528ca5bee8439a8c1146c6fadb7c/Konachan.com%20-%2096973%20blue_eyes%20breasts%20horns%20nakaba_reimei%20nipples%20nude%20original%20pointed_ears%20yuri.jpg
https://konachan.com/image/3223870d470c394753af692c9c646080/Konachan.com%20-%2095809%20anekano%20bath%20black_hair%20breast_grab%20chococo%20game_cg%20long_hair%20moo_%28umineko%29%20noyama_ringo%20noyama_sakura%20nude%20red_eyes%20shower%20towel.png
https://konachan.com/image/62fdc80521e980169d5b99b461f797db/Konachan.com%20-%2095130%202girls%20animal_ears%20breasts%20brown_hair%20bunny_ears%20bunnygirl%20kiazee%20nipples%20nude%20original%20purple_hair%20red_eyes%20tail%20yuri.png
https://konachan.com/image/cbd25440b0e76030e2e2250b1be87f37/Konachan.com%20-%2093792%20blue_eyes%20blush%20game_cg%20lime_luna_oaklane%20panties%20primary_%7Emagical_trouble_scramble%7E%20skyfish%20tsurugi_hagane%20underwear%20water.jpg
https://konachan.com/image/b42211ec088a537cc722ae7528ef462a/Konachan.com%20-%2091771%20bath%20bathtub%20erect_nipples%20journey%20mikeou%20nanairo_kouro%20scan%20wet.png
https://konachan.com/image/75514e3519c14244331a9b1aa39bdebf/Konachan.com%20-%2089546%20blonde_hair%20blue_eyes%20blush%20breasts%20matsubara_yuna%20navel%20nipples%20nude%20oda_nanami%20peko%20sono_hanabira_ni_kuchizuke_wo%20yuri.png
https://konachan.com/image/bf0f80ba5ebf19041856ecc49ecc75bc/Konachan.com%20-%2088875%20bath%20blush%20brown_hair%20censored%20game_cg%20kiss_x_demon_lord_x_darjeeling%20marmalade%20nanase_yuuna%20nude%20takanae_kyourin%20wet.png
https://konachan.com/image/9c498eca963cc0bf0556d1e6d628990e/Konachan.com%20-%2086870%20aqua_eyes%20blue_hair%20breasts%20furukawa_yui%20game_cg%20kuroya_shinobu%20nipples%20nude%20trumple%20ushinawareta_mirai_wo_motomete.jpg
https://konachan.com/image/83bf8c1d500ce630d366789feb51395f/Konachan.com%20-%2081759%20black_hair%20blush%20breasts%20long_hair%20motoyon%20nipples%20nude%20subarashiki_hibi%20takashima_zakuro%20wet.png
https://konachan.com/image/f352d2c53e7c8b5facd7611b6fd8c689/Konachan.com%20-%2079268%20angel_ring%20bed%20blonde_hair%20blue_eyes%20breast_grab%20breasts%20game_cg%20mika_alsted_heine%20moonstone%20nipples%20nude%20tagme.png
https://konachan.com/image/54216d5a81da4043c66deaf5bd9b9aab/Konachan.com%20-%2071919%20blonde_hair%20breasts%20kirishima_shizuku%20nipples%20nude%20peko%20shitogi_elis%20sono_hanabira_ni_kuchizuke_wo%20yuri.png
https://konachan.com/image/f869f8bfb73d934f6d96b2eecd891976/Konachan.com%20-%2070556%20bandaid%20blush%20breasts%20brown_eyes%20brown_hair%20misaka_mikoto%20navel%20nipples%20nude%20short_hair%20to_aru_majutsu_no_index%20yukito_%28chronicle%29.jpg
https://konachan.com/image/e004d2e8a2f16994269dc4be308d9708/Konachan.com%20-%2070427%20blue_hair%20brown_eyes%20game_cg%20nagahashi_ryou%20valentine_pink.png
https://konachan.com/image/db51d56636cc04e71f86295cd4d98958/Konachan.com%20-%2070426%20blue_hair%20brown_eyes%20game_cg%20nagahashi_ryou%20valentine_pink.png
https://konachan.com/image/4758cc5ed7eb7ee1e9c97ef335ee6c4e/Konachan.com%20-%2063579%20favorite%20game_cg%20hoshizora_no_memoria%20tagme.jpg
https://konachan.com/image/e40d4308a0ddd2e212e233d4d3b47c92/Konachan.com%20-%2061612%20aocchi%20nipples%20panties%20topless%20underwear.jpg
https://konachan.com/image/b59d305e2ee5f91bf67363f4ffbb7116/Konachan.com%20-%2055412%20ass%20mama_%28artist%29%20original%20panties%20striped_panties%20underwear.jpg
https://konachan.com/image/fb35ee4ca16c37ac316d5a8c000b2008/Konachan.com%20-%2054697%20aoba_tsugumi%20bath%20blush%20breasts%20kannagi_crazy_shrine_maidens%20long_hair%20mikuriya_jin%20nagi%20nipples%20nude%20short_hair.jpg
https://konachan.com/image/5054a20540bda41e0aebc9f01331b14b/Konachan.com%20-%2048675%20ass%20blonde_hair%20breasts%20long_hair%20nude%20vandread%20wet.jpg
https://konachan.com/image/b663df694b841f22d3030b80f49b7322/Konachan.com%20-%2041623%20loli%20nikaime%20togusa_masamu.jpg
https://konachan.com/image/d1f45f183149200c96a74085a40533c5/Konachan.com%20-%2030285%20bell%20black_hair%20blush%20breasts%20brown_eyes%20group%20kagurazaka_asuna%20navel%20nipples%20nude%20orange_hair%20ribbons%20sasaki_makie%20tagme_%28artist%29%20twintails%20wink.jpg
https://konachan.com/image/329f00e6e92c8bbe363b9f61bee6a348/Konachan.com%20-%2029204%20littlewitch%20oyari_ashito.jpg
https://konachan.com/image/4c91d4289e3be423ee2a4703ed6c8a1e/Konachan.com%20-%2029160%20ass%20blonde_hair%20blue_eyes%20blue_hair%20ema%20gray_eyes%20gray_hair%20littlewitch%20loli%20long_hair%20nipples%20nude%20oyari_ashito%20sayu%20toka%20undressing.jpg
https://konachan.com/image/b156eda5ffccc0f22c68ebd792842382/Konachan.com%20-%203398%20hiiragi_kagami%20kakesu%20lucky_star%20nude.jpg
https://konachan.com/image/44e462c4be55c42a87204d0a8b4c59b6/Konachan.com%20-%201932%20bandaid%20blush%20breasts%20kashiwagi_azusa%20kizuato%20nopan%20shirt_lift%20short_hair%20sky%20watermark.jpg
https://konachan.com/image/e24dfa498497d2582b0eaabda1e5d0fa/Konachan.com%20-%201565%202girls%20bikini%20blue_eyes%20blue_hair%20breasts%20chuchu_astram%20chu_x_chu%20nakauti_chiyu%20navel%20nipples%20nude%20ozawa_akifumi%20pointed_ears%20scan%20swimsuit%20yuri.jpg
